python : INFO:pddikti
py.api:PDDIKTI API 
client initialized 
successfully
At line:1 char:1
+ python 
test_scraper.py > 
test_output.txt 2>&1
+ ~~~~~~~~~~~~~~~~~~~
~~~~~~~~~~~~~~~~~~~~~
~~~~~
    + CategoryInfo   
           : NotSpe  
  cified: (INFO:pd   
 diktipy....ed su    
ccessfully:Strin    
g) [], RemoteExc    
eption
    + FullyQualified 
   ErrorId : Native  
  CommandError
 
ERROR:pddiktipy.api:E
xception in context: 
AttributeError: 
'list' object has no 
attribute 'get'
Starting PDDIKTI API Scraper Test...

==================== Global Statistics ====================
Active Lecturers: {'jumlah_dosen': 303067}
Active Students: {'jumlah_mahasiswa': 9967487}
Time taken: 1.33s

==================== University Data ====================
Searching for: Universitas Gadjah Mada

ERROR OCCURRED: 'list' object has no attribute 'get'

==================== Test Completed ====================
Total execution time: 1.44s
